INFO:     Started server process [6460]
INFO:     Waiting for application startup.
INFO:     Application startup complete.
INFO:     Uvicorn running on http://127.0.0.1:8003 (Press CTRL+C to quit)
INFO:pika.adapters.utils.connection_workflow:Pika version 1.3.2 connecting to ('::1', 5672, 0, 0)
ERROR:pika.adapters.utils.io_services_utils:Socket failed to connect: <socket.socket fd=968, family=23, type=1, proto=6, laddr=('::', 62348, 0, 0)>; error=10061 (Unknown error)
ERROR:pika.adapters.utils.connection_workflow:TCP Connection attempt failed: ConnectionRefusedError(10061, 'Unknown error'); dest=(<AddressFamily.AF_INET6: 23>, <SocketKind.SOCK_STREAM: 1>, 6, '', ('::1', 5672, 0, 0))
ERROR:pika.adapters.utils.connection_workflow:AMQPConnector - reporting failure: AMQPConnectorSocketConnectError: ConnectionRefusedError(10061, 'Unknown error')
INFO:pika.adapters.utils.connection_workflow:Pika version 1.3.2 connecting to ('127.0.0.1', 5672)
ERROR:pika.adapters.utils.io_services_utils:Socket failed to connect: <socket.socket fd=968, family=2, type=1, proto=6, laddr=('0.0.0.0', 62349)>; error=10061 (Unknown error)
ERROR:pika.adapters.utils.connection_workflow:TCP Connection attempt failed: ConnectionRefusedError(10061, 'Unknown error'); dest=(<AddressFamily.AF_INET: 2>, <SocketKind.SOCK_STREAM: 1>, 6, '', ('127.0.0.1', 5672))
ERROR:pika.adapters.utils.connection_workflow:AMQPConnector - reporting failure: AMQPConnectorSocketConnectError: ConnectionRefusedError(10061, 'Unknown error')
ERROR:pika.adapters.utils.connection_workflow:AMQP connection workflow failed: AMQPConnectionWorkflowFailed: 2 exceptions in all; last exception - AMQPConnectorSocketConnectError: ConnectionRefusedError(10061, 'Unknown error'); first exception - AMQPConnectorSocketConnectError: ConnectionRefusedError(10061, 'Unknown error').
ERROR:pika.adapters.utils.connection_workflow:AMQPConnectionWorkflow - reporting failure: AMQPConnectionWorkflowFailed: 2 exceptions in all; last exception - AMQPConnectorSocketConnectError: ConnectionRefusedError(10061, 'Unknown error'); first exception - AMQPConnectorSocketConnectError: ConnectionRefusedError(10061, 'Unknown error')
ERROR:pika.adapters.blocking_connection:Connection workflow failed: AMQPConnectionWorkflowFailed: 2 exceptions in all; last exception - AMQPConnectorSocketConnectError: ConnectionRefusedError(10061, 'Unknown error'); first exception - AMQPConnectorSocketConnectError: ConnectionRefusedError(10061, 'Unknown error')
ERROR:pika.adapters.blocking_connection:Error in _create_connection().
Traceback (most recent call last):
  File "D:\anaconda3\envs\pmc\Lib\site-packages\pika\adapters\blocking_connection.py", line 451, in _create_connection
    raise self._reap_last_connection_workflow_error(error)
pika.exceptions.AMQPConnectionError
WARNING:rabbit:消费者 pmc.data.changed 异常，3 秒后重连: 
INFO:pika.adapters.utils.connection_workflow:Pika version 1.3.2 connecting to ('::1', 5672, 0, 0)
ERROR:pika.adapters.utils.io_services_utils:Socket failed to connect: <socket.socket fd=356, family=23, type=1, proto=6, laddr=('::', 62364, 0, 0)>; error=10061 (Unknown error)
ERROR:pika.adapters.utils.connection_workflow:TCP Connection attempt failed: ConnectionRefusedError(10061, 'Unknown error'); dest=(<AddressFamily.AF_INET6: 23>, <SocketKind.SOCK_STREAM: 1>, 6, '', ('::1', 5672, 0, 0))
ERROR:pika.adapters.utils.connection_workflow:AMQPConnector - reporting failure: AMQPConnectorSocketConnectError: ConnectionRefusedError(10061, 'Unknown error')
INFO:pika.adapters.utils.connection_workflow:Pika version 1.3.2 connecting to ('127.0.0.1', 5672)
ERROR:pika.adapters.utils.io_services_utils:Socket failed to connect: <socket.socket fd=356, family=2, type=1, proto=6, laddr=('0.0.0.0', 62365)>; error=10061 (Unknown error)
ERROR:pika.adapters.utils.connection_workflow:TCP Connection attempt failed: ConnectionRefusedError(10061, 'Unknown error'); dest=(<AddressFamily.AF_INET: 2>, <SocketKind.SOCK_STREAM: 1>, 6, '', ('127.0.0.1', 5672))
ERROR:pika.adapters.utils.connection_workflow:AMQPConnector - reporting failure: AMQPConnectorSocketConnectError: ConnectionRefusedError(10061, 'Unknown error')
ERROR:pika.adapters.utils.connection_workflow:AMQP connection workflow failed: AMQPConnectionWorkflowFailed: 2 exceptions in all; last exception - AMQPConnectorSocketConnectError: ConnectionRefusedError(10061, 'Unknown error'); first exception - AMQPConnectorSocketConnectError: ConnectionRefusedError(10061, 'Unknown error').
ERROR:pika.adapters.utils.connection_workflow:AMQPConnectionWorkflow - reporting failure: AMQPConnectionWorkflowFailed: 2 exceptions in all; last exception - AMQPConnectorSocketConnectError: ConnectionRefusedError(10061, 'Unknown error'); first exception - AMQPConnectorSocketConnectError: ConnectionRefusedError(10061, 'Unknown error')
ERROR:pika.adapters.blocking_connection:Connection workflow failed: AMQPConnectionWorkflowFailed: 2 exceptions in all; last exception - AMQPConnectorSocketConnectError: ConnectionRefusedError(10061, 'Unknown error'); first exception - AMQPConnectorSocketConnectError: ConnectionRefusedError(10061, 'Unknown error')
ERROR:pika.adapters.blocking_connection:Error in _create_connection().
Traceback (most recent call last):
  File "D:\anaconda3\envs\pmc\Lib\site-packages\pika\adapters\blocking_connection.py", line 451, in _create_connection
    raise self._reap_last_connection_workflow_error(error)
pika.exceptions.AMQPConnectionError
WARNING:rabbit:消费者 pmc.data.changed 异常，3 秒后重连: 
INFO:pika.adapters.utils.connection_workflow:Pika version 1.3.2 connecting to ('::1', 5672, 0, 0)
ERROR:pika.adapters.utils.io_services_utils:Socket failed to connect: <socket.socket fd=872, family=23, type=1, proto=6, laddr=('::', 62372, 0, 0)>; error=10061 (Unknown error)
ERROR:pika.adapters.utils.connection_workflow:TCP Connection attempt failed: ConnectionRefusedError(10061, 'Unknown error'); dest=(<AddressFamily.AF_INET6: 23>, <SocketKind.SOCK_STREAM: 1>, 6, '', ('::1', 5672, 0, 0))
ERROR:pika.adapters.utils.connection_workflow:AMQPConnector - reporting failure: AMQPConnectorSocketConnectError: ConnectionRefusedError(10061, 'Unknown error')
INFO:pika.adapters.utils.connection_workflow:Pika version 1.3.2 connecting to ('127.0.0.1', 5672)
ERROR:pika.adapters.utils.io_services_utils:Socket failed to connect: <socket.socket fd=872, family=2, type=1, proto=6, laddr=('0.0.0.0', 62374)>; error=10061 (Unknown error)
ERROR:pika.adapters.utils.connection_workflow:TCP Connection attempt failed: ConnectionRefusedError(10061, 'Unknown error'); dest=(<AddressFamily.AF_INET: 2>, <SocketKind.SOCK_STREAM: 1>, 6, '', ('127.0.0.1', 5672))
ERROR:pika.adapters.utils.connection_workflow:AMQPConnector - reporting failure: AMQPConnectorSocketConnectError: ConnectionRefusedError(10061, 'Unknown error')
ERROR:pika.adapters.utils.connection_workflow:AMQP connection workflow failed: AMQPConnectionWorkflowFailed: 2 exceptions in all; last exception - AMQPConnectorSocketConnectError: ConnectionRefusedError(10061, 'Unknown error'); first exception - AMQPConnectorSocketConnectError: ConnectionRefusedError(10061, 'Unknown error').
ERROR:pika.adapters.utils.connection_workflow:AMQPConnectionWorkflow - reporting failure: AMQPConnectionWorkflowFailed: 2 exceptions in all; last exception - AMQPConnectorSocketConnectError: ConnectionRefusedError(10061, 'Unknown error'); first exception - AMQPConnectorSocketConnectError: ConnectionRefusedError(10061, 'Unknown error')
ERROR:pika.adapters.blocking_connection:Connection workflow failed: AMQPConnectionWorkflowFailed: 2 exceptions in all; last exception - AMQPConnectorSocketConnectError: ConnectionRefusedError(10061, 'Unknown error'); first exception - AMQPConnectorSocketConnectError: ConnectionRefusedError(10061, 'Unknown error')
ERROR:pika.adapters.blocking_connection:Error in _create_connection().
Traceback (most recent call last):
  File "D:\anaconda3\envs\pmc\Lib\site-packages\pika\adapters\blocking_connection.py", line 451, in _create_connection
    raise self._reap_last_connection_workflow_error(error)
pika.exceptions.AMQPConnectionError
WARNING:rabbit:消费者 pmc.data.changed 异常，3 秒后重连: 
INFO:pika.adapters.utils.connection_workflow:Pika version 1.3.2 connecting to ('::1', 5672, 0, 0)
ERROR:pika.adapters.utils.io_services_utils:Socket failed to connect: <socket.socket fd=804, family=23, type=1, proto=6, laddr=('::', 62188, 0, 0)>; error=10061 (Unknown error)
ERROR:pika.adapters.utils.connection_workflow:TCP Connection attempt failed: ConnectionRefusedError(10061, 'Unknown error'); dest=(<AddressFamily.AF_INET6: 23>, <SocketKind.SOCK_STREAM: 1>, 6, '', ('::1', 5672, 0, 0))
ERROR:pika.adapters.utils.connection_workflow:AMQPConnector - reporting failure: AMQPConnectorSocketConnectError: ConnectionRefusedError(10061, 'Unknown error')
INFO:pika.adapters.utils.connection_workflow:Pika version 1.3.2 connecting to ('127.0.0.1', 5672)
ERROR:pika.adapters.utils.io_services_utils:Socket failed to connect: <socket.socket fd=804, family=2, type=1, proto=6, laddr=('0.0.0.0', 62189)>; error=10061 (Unknown error)
ERROR:pika.adapters.utils.connection_workflow:TCP Connection attempt failed: ConnectionRefusedError(10061, 'Unknown error'); dest=(<AddressFamily.AF_INET: 2>, <SocketKind.SOCK_STREAM: 1>, 6, '', ('127.0.0.1', 5672))
ERROR:pika.adapters.utils.connection_workflow:AMQPConnector - reporting failure: AMQPConnectorSocketConnectError: ConnectionRefusedError(10061, 'Unknown error')
ERROR:pika.adapters.utils.connection_workflow:AMQP connection workflow failed: AMQPConnectionWorkflowFailed: 2 exceptions in all; last exception - AMQPConnectorSocketConnectError: ConnectionRefusedError(10061, 'Unknown error'); first exception - AMQPConnectorSocketConnectError: ConnectionRefusedError(10061, 'Unknown error').
ERROR:pika.adapters.utils.connection_workflow:AMQPConnectionWorkflow - reporting failure: AMQPConnectionWorkflowFailed: 2 exceptions in all; last exception - AMQPConnectorSocketConnectError: ConnectionRefusedError(10061, 'Unknown error'); first exception - AMQPConnectorSocketConnectError: ConnectionRefusedError(10061, 'Unknown error')
ERROR:pika.adapters.blocking_connection:Connection workflow failed: AMQPConnectionWorkflowFailed: 2 exceptions in all; last exception - AMQPConnectorSocketConnectError: ConnectionRefusedError(10061, 'Unknown error'); first exception - AMQPConnectorSocketConnectError: ConnectionRefusedError(10061, 'Unknown error')
ERROR:pika.adapters.blocking_connection:Error in _create_connection().
Traceback (most recent call last):
  File "D:\anaconda3\envs\pmc\Lib\site-packages\pika\adapters\blocking_connection.py", line 451, in _create_connection
    raise self._reap_last_connection_workflow_error(error)
pika.exceptions.AMQPConnectionError
WARNING:rabbit:消费者 pmc.data.changed 异常，3 秒后重连: 
INFO:pika.adapters.utils.connection_workflow:Pika version 1.3.2 connecting to ('::1', 5672, 0, 0)
ERROR:pika.adapters.utils.io_services_utils:Socket failed to connect: <socket.socket fd=416, family=23, type=1, proto=6, laddr=('::', 62470, 0, 0)>; error=10061 (Unknown error)
ERROR:pika.adapters.utils.connection_workflow:TCP Connection attempt failed: ConnectionRefusedError(10061, 'Unknown error'); dest=(<AddressFamily.AF_INET6: 23>, <SocketKind.SOCK_STREAM: 1>, 6, '', ('::1', 5672, 0, 0))
ERROR:pika.adapters.utils.connection_workflow:AMQPConnector - reporting failure: AMQPConnectorSocketConnectError: ConnectionRefusedError(10061, 'Unknown error')
INFO:pika.adapters.utils.connection_workflow:Pika version 1.3.2 connecting to ('127.0.0.1', 5672)
ERROR:pika.adapters.utils.io_services_utils:Socket failed to connect: <socket.socket fd=416, family=2, type=1, proto=6, laddr=('0.0.0.0', 62471)>; error=10061 (Unknown error)
ERROR:pika.adapters.utils.connection_workflow:TCP Connection attempt failed: ConnectionRefusedError(10061, 'Unknown error'); dest=(<AddressFamily.AF_INET: 2>, <SocketKind.SOCK_STREAM: 1>, 6, '', ('127.0.0.1', 5672))
ERROR:pika.adapters.utils.connection_workflow:AMQPConnector - reporting failure: AMQPConnectorSocketConnectError: ConnectionRefusedError(10061, 'Unknown error')
ERROR:pika.adapters.utils.connection_workflow:AMQP connection workflow failed: AMQPConnectionWorkflowFailed: 2 exceptions in all; last exception - AMQPConnectorSocketConnectError: ConnectionRefusedError(10061, 'Unknown error'); first exception - AMQPConnectorSocketConnectError: ConnectionRefusedError(10061, 'Unknown error').
ERROR:pika.adapters.utils.connection_workflow:AMQPConnectionWorkflow - reporting failure: AMQPConnectionWorkflowFailed: 2 exceptions in all; last exception - AMQPConnectorSocketConnectError: ConnectionRefusedError(10061, 'Unknown error'); first exception - AMQPConnectorSocketConnectError: ConnectionRefusedError(10061, 'Unknown error')
ERROR:pika.adapters.blocking_connection:Connection workflow failed: AMQPConnectionWorkflowFailed: 2 exceptions in all; last exception - AMQPConnectorSocketConnectError: ConnectionRefusedError(10061, 'Unknown error'); first exception - AMQPConnectorSocketConnectError: ConnectionRefusedError(10061, 'Unknown error')
ERROR:pika.adapters.blocking_connection:Error in _create_connection().
Traceback (most recent call last):
  File "D:\anaconda3\envs\pmc\Lib\site-packages\pika\adapters\blocking_connection.py", line 451, in _create_connection
    raise self._reap_last_connection_workflow_error(error)
pika.exceptions.AMQPConnectionError
WARNING:rabbit:消费者 pmc.data.changed 异常，3 秒后重连: 
INFO:pika.adapters.utils.connection_workflow:Pika version 1.3.2 connecting to ('::1', 5672, 0, 0)
ERROR:pika.adapters.utils.io_services_utils:Socket failed to connect: <socket.socket fd=872, family=23, type=1, proto=6, laddr=('::', 62484, 0, 0)>; error=10061 (Unknown error)
ERROR:pika.adapters.utils.connection_workflow:TCP Connection attempt failed: ConnectionRefusedError(10061, 'Unknown error'); dest=(<AddressFamily.AF_INET6: 23>, <SocketKind.SOCK_STREAM: 1>, 6, '', ('::1', 5672, 0, 0))
ERROR:pika.adapters.utils.connection_workflow:AMQPConnector - reporting failure: AMQPConnectorSocketConnectError: ConnectionRefusedError(10061, 'Unknown error')
INFO:pika.adapters.utils.connection_workflow:Pika version 1.3.2 connecting to ('127.0.0.1', 5672)
ERROR:pika.adapters.utils.io_services_utils:Socket failed to connect: <socket.socket fd=872, family=2, type=1, proto=6, laddr=('0.0.0.0', 62486)>; error=10061 (Unknown error)
ERROR:pika.adapters.utils.connection_workflow:TCP Connection attempt failed: ConnectionRefusedError(10061, 'Unknown error'); dest=(<AddressFamily.AF_INET: 2>, <SocketKind.SOCK_STREAM: 1>, 6, '', ('127.0.0.1', 5672))
ERROR:pika.adapters.utils.connection_workflow:AMQPConnector - reporting failure: AMQPConnectorSocketConnectError: ConnectionRefusedError(10061, 'Unknown error')
ERROR:pika.adapters.utils.connection_workflow:AMQP connection workflow failed: AMQPConnectionWorkflowFailed: 2 exceptions in all; last exception - AMQPConnectorSocketConnectError: ConnectionRefusedError(10061, 'Unknown error'); first exception - AMQPConnectorSocketConnectError: ConnectionRefusedError(10061, 'Unknown error').
ERROR:pika.adapters.utils.connection_workflow:AMQPConnectionWorkflow - reporting failure: AMQPConnectionWorkflowFailed: 2 exceptions in all; last exception - AMQPConnectorSocketConnectError: ConnectionRefusedError(10061, 'Unknown error'); first exception - AMQPConnectorSocketConnectError: ConnectionRefusedError(10061, 'Unknown error')
ERROR:pika.adapters.blocking_connection:Connection workflow failed: AMQPConnectionWorkflowFailed: 2 exceptions in all; last exception - AMQPConnectorSocketConnectError: ConnectionRefusedError(10061, 'Unknown error'); first exception - AMQPConnectorSocketConnectError: ConnectionRefusedError(10061, 'Unknown error')
ERROR:pika.adapters.blocking_connection:Error in _create_connection().
Traceback (most recent call last):
  File "D:\anaconda3\envs\pmc\Lib\site-packages\pika\adapters\blocking_connection.py", line 451, in _create_connection
    raise self._reap_last_connection_workflow_error(error)
pika.exceptions.AMQPConnectionError
WARNING:rabbit:消费者 pmc.data.changed 异常，3 秒后重连: 
INFO:pika.adapters.utils.connection_workflow:Pika version 1.3.2 connecting to ('::1', 5672, 0, 0)
